exports[`test should render the input buttons 1`] = `
<div
  className="calc-input">
  <button
    onClick={[Function]}>
    1
  </button>
  <button
    onClick={[Function]}>
    2
  </button>
  <button
    onClick={[Function]}>
    3
  </button>
  <button
    onClick={[Function]}>
    4
  </button>
  <button
    onClick={[Function]}>
    5
  </button>
  <button
    onClick={[Function]}>
    6
  </button>
  <button
    onClick={[Function]}>
    7
  </button>
  <button
    onClick={[Function]}>
    8
  </button>
  <button
    onClick={[Function]}>
    9
  </button>
  <button
    onClick={[Function]}>
    0
  </button>
  <button
    onClick={[Function]}>
    +
  </button>
  <button
    onClick={[Function]}>
    -
  </button>
  <button
    onClick={[Function]}>
    *
  </button>
  <button
    onClick={[Function]}>
    /
  </button>
  <button
    onClick={[Function]}>
    %
  </button>
  <button>
    =
  </button>
  <button>
    C
  </button>
</div>
`;
